process.core.init - ERROR - temp_cs_superconductor_margin_min and tmargmin should not both be specified in IN.DAT temp_cs_superconductor_margin_min has been ignored
process.models.tfcoil.base - ERROR - dr_tf_plasma_case too small to accommodate the WP, forced to minimum value
process.models.pfcoil - WARNING - Ratio of central solenoid overall current density at beginning of flat-top / end of flat-top > 1 (|f_j_cs_start_end_flat_top| > 1)
process.models.costs.costs - WARNING - p_plant_electric_net_mw has gone negative! Clamping it to 0 for the calculation of annoam and annwst (cost of maintenance and cost of waste).
process.models.tfcoil.base - ERROR - dr_tf_plasma_case too small to accommodate the WP, forced to minimum value
process.models.tfcoil.base - ERROR - dr_tf_plasma_case too small to accommodate the WP, forced to minimum value
process.models.tfcoil.base - ERROR - dr_tf_plasma_case too small to accommodate the WP, forced to minimum value
process.models.tfcoil.base - ERROR - dr_tf_plasma_case too small to accommodate the WP, forced to minimum value
process.models.tfcoil.base - ERROR - dr_tf_plasma_case too small to accommodate the WP, forced to minimum value
process.models.tfcoil.base - ERROR - dr_tf_plasma_case too small to accommodate the WP, forced to minimum value
process.models.tfcoil.base - ERROR - dr_tf_plasma_case too small to accommodate the WP, forced to minimum value
process.models.tfcoil.base - ERROR - dr_tf_plasma_case too small to accommodate the WP, forced to minimum value
process.core.scan - CRITICAL - Solver returns with ifail /= 1. 0
process.models.tfcoil.base - ERROR - dr_tf_plasma_case too small to accommodate the WP, forced to minimum value
process.models.physics.plasma_current - ERROR - Diamagnetic fraction is more than 1%, but not calculated. Consider using i_diamagnetic_current=2 and i_pfirsch_schluter_current=1
process.models.pfcoil - WARNING - CS not using max current density: further optimisation may be possible
process.models.tfcoil.base - ERROR - dr_tf_plasma_case too small to accommodate the WP, forced to minimum value
process.models.physics.plasma_current - ERROR - Diamagnetic fraction is more than 1%, but not calculated. Consider using i_diamagnetic_current=2 and i_pfirsch_schluter_current=1
process.models.pfcoil - WARNING - CS not using max current density: further optimisation may be possible
process.models.physics.plasma_current - ERROR - Diamagnetic fraction is more than 1%, but not calculated. Consider using i_diamagnetic_current=2 and i_pfirsch_schluter_current=1
process.models.pfcoil - WARNING - CS not using max current density: further optimisation may be possible
